// Jest Snapshot v1, https://goo.gl/fbAQLP

exports[`Pages are rendered correctly Renders Missions Page correctly 1`] = `
<tr
  className="mission-container"
>
  <td
    className="mission-name"
  />
  <td />
  <td
    className="mission"
  >
    <span
      className="not-member"
    >
      NOT A MEMBER
    </span>
  </td>
  <td
    className="join-mission"
  >
    <button
      onClick={[Function]}
      style={
        Object {
          "border": "2px solid black",
          "borderRadius": "0.2rem",
          "color": "black",
          "cursor": "pointer",
          "display": "block",
          "fontWeight": "transparent",
          "margin": "auto",
          "padding": "0.20rem",
        }
      }
      type="button"
    >
      Join Mission
    </button>
  </td>
</tr>
`;

exports[`Pages are rendered correctly Renders My Profile page correctly 1`] = `
<div
  className="profile-container"
>
  <div
    className="rockets-profile"
  >
    <h2
      className="title"
    >
      My Missions
    </h2>
    <div
      className="rockets"
    />
  </div>
  <div
    className="rockets-profile"
  >
    <h2
      className="title"
    >
      My Rockets
    </h2>
    <ul
      className="rockets"
    />
  </div>
</div>
`;

exports[`Pages are rendered correctly Renders Rockets Page correctly 1`] = `
<div
  className="rocket-container"
>
  <img
    alt="rocket"
    className="rocket-image"
  />
  <div
    className="content"
  >
    <h2
      className="name"
    />
    <p
      className="description"
    />
    <button
      className="reserve-btn"
      onClick={[Function]}
      type="button"
    >
      Reserve Rocket
    </button>
  </div>
</div>
`;
